// Jest Snapshot v1, https://goo.gl/fbAQLP

exports[`<StoreApp /> renders correctly with items 1`] = `
<div
  className="col-lg-12"
>
  <div
    className="row"
  >
    <div
      className="col-lg-4"
    >
      <div
        className="card"
      >
        <h4
          className="card-header"
        >
          <span>
            First
          </span>
          <span
            className="pull-right badge-pill badge-secondary"
          >
            1
          </span>
        </h4>
        <div
          className="card-body"
        >
          <p>
            First bundle
          </p>
        </div>
        <div
          className="card-footer"
        >
          <button
            className="btn btn-primary pull-right"
            onClick={[Function]}
            type="button"
          >
            Buy for 
            <span
              title="100"
            >
              <span
                className="coin-group"
              >
                <svg
                  aria-hidden="true"
                  className="svg-inline--fa fa-coins fa-w-16 fa-fw coin-silver"
                  data-icon="coins"
                  data-prefix="fas"
                  focusable="false"
                  role="img"
                  style={Object {}}
                  viewBox="0 0 512 512"
                  xmlns="http://www.w3.org/2000/svg"
                >
                  <path
                    d="M0 405.3V448c0 35.3 86 64 192 64s192-28.7 192-64v-42.7C342.7 434.4 267.2 448 192 448S41.3 434.4 0 405.3zM320 128c106 0 192-28.7 192-64S426 0 320 0 128 28.7 128 64s86 64 192 64zM0 300.4V352c0 35.3 86 64 192 64s192-28.7 192-64v-51.6c-41.3 34-116.9 51.6-192 51.6S41.3 334.4 0 300.4zm416 11c57.3-11.1 96-31.7 96-55.4v-42.7c-23.2 16.4-57.3 27.6-96 34.5v63.6zM192 160C86 160 0 195.8 0 240s86 80 192 80 192-35.8 192-80-86-80-192-80zm219.3 56.3c60-10.8 100.7-32 100.7-56.3v-42.7c-35.5 25.1-96.5 38.6-160.7 41.8 29.5 14.3 51.2 33.5 60 57.2z"
                    fill="currentColor"
                    style={Object {}}
                  />
                </svg>
                 
                1
              </span>
            </span>
          </button>
        </div>
      </div>
    </div>
    <div
      className="col-lg-4"
    >
      <div
        className="card"
      >
        <h4
          className="card-header"
        >
          <span>
            Second
          </span>
          <span
            className="pull-right badge-pill badge-secondary"
          >
            5
          </span>
        </h4>
        <div
          className="card-body"
        >
          <p>
            Second bundle
          </p>
        </div>
        <div
          className="card-footer"
        >
          <span>
            Expires 
          </span>
          <time
            dateTime="2019-12-19T00:00:00.000Z"
            title="Thu, 19 Dec 2019 00:00:00 GMT"
          >
            in 21 hours
          </time>
          <button
            className="btn btn-primary pull-right"
            onClick={[Function]}
            type="button"
          >
            Buy for 
            <span
              title="500"
            >
              <span
                className="coin-group"
              >
                <svg
                  aria-hidden="true"
                  className="svg-inline--fa fa-coins fa-w-16 fa-fw coin-silver"
                  data-icon="coins"
                  data-prefix="fas"
                  focusable="false"
                  role="img"
                  style={Object {}}
                  viewBox="0 0 512 512"
                  xmlns="http://www.w3.org/2000/svg"
                >
                  <path
                    d="M0 405.3V448c0 35.3 86 64 192 64s192-28.7 192-64v-42.7C342.7 434.4 267.2 448 192 448S41.3 434.4 0 405.3zM320 128c106 0 192-28.7 192-64S426 0 320 0 128 28.7 128 64s86 64 192 64zM0 300.4V352c0 35.3 86 64 192 64s192-28.7 192-64v-51.6c-41.3 34-116.9 51.6-192 51.6S41.3 334.4 0 300.4zm416 11c57.3-11.1 96-31.7 96-55.4v-42.7c-23.2 16.4-57.3 27.6-96 34.5v63.6zM192 160C86 160 0 195.8 0 240s86 80 192 80 192-35.8 192-80-86-80-192-80zm219.3 56.3c60-10.8 100.7-32 100.7-56.3v-42.7c-35.5 25.1-96.5 38.6-160.7 41.8 29.5 14.3 51.2 33.5 60 57.2z"
                    fill="currentColor"
                    style={Object {}}
                  />
                </svg>
                 
                5
              </span>
            </span>
          </button>
        </div>
      </div>
    </div>
  </div>
</div>
`;

exports[`<StoreApp /> renders correctly with no items 1`] = `
<div
  className="col-lg-12"
>
  <div
    className="row"
  />
</div>
`;
