// Jest Snapshot v1, https://goo.gl/fbAQLP

exports[`<NavMenu /> renders with no user 1`] = `
<nav
  className="navbar navbar-dark bg-dark navbar-expand-md fixed-top"
>
  <button
    aria-controls="navbar-header"
    aria-expanded="false"
    aria-label="Toggle navigation"
    className="navbar-toggler navbar-toggler-right"
    data-target="#navbar-header"
    data-toggle="collapse"
    type="button"
  >
    <svg
      aria-hidden="true"
      className="svg-inline--fa fa-bars fa-w-14 fa-fw "
      data-icon="bars"
      data-prefix="fas"
      focusable="false"
      role="img"
      style={Object {}}
      viewBox="0 0 448 512"
      xmlns="http://www.w3.org/2000/svg"
    >
      <path
        d="M16 132h416c8.837 0 16-7.163 16-16V76c0-8.837-7.163-16-16-16H16C7.163 60 0 67.163 0 76v40c0 8.837 7.163 16 16 16zm0 160h416c8.837 0 16-7.163 16-16v-40c0-8.837-7.163-16-16-16H16c-8.837 0-16 7.163-16 16v40c0 8.837 7.163 16 16 16zm0 160h416c8.837 0 16-7.163 16-16v-40c0-8.837-7.163-16-16-16H16c-8.837 0-16 7.163-16 16v40c0 8.837 7.163 16 16 16z"
        fill="currentColor"
        style={Object {}}
      />
    </svg>
  </button>
  <a
    className="navbar-brand"
    href="/"
    onClick={[Function]}
  >
    <img
      alt="Test App"
      className="d-inline-block align-top"
      height="32"
      src="/favicon.ico"
      width="32"
    />
     
    Test App
  </a>
  <div
    className="collapse navbar-collapse"
    id="navbar-header"
  >
    <ul
      className="navbar-nav"
    >
      <li
        className="nav-item"
      >
        <a
          className="nav-link"
          href="/Card"
          onClick={[Function]}
        >
          Cards
        </a>
      </li>
      <li
        className="nav-item"
      >
        <a
          className="nav-link"
          href="/Game"
          onClick={[Function]}
        >
          Games
        </a>
      </li>
      <li
        className="nav-item"
      >
        <a
          className="nav-link"
          href="/Store"
          onClick={[Function]}
        >
          Store
        </a>
      </li>
    </ul>
    <ul
      className="navbar-nav ml-auto"
    >
      <li
        className="nav-item"
      >
        <a
          className="nav-link"
          href="https://github.com/kwokkan/card-hero"
          rel="noreferrer noopener"
          target="_blank"
        >
          <svg
            aria-hidden="true"
            className="svg-inline--fa fa-github fa-w-16 fa-fw "
            data-icon="github"
            data-prefix="fas"
            focusable="false"
            role="img"
            style={Object {}}
            viewBox="0 0 496 512"
            xmlns="http://www.w3.org/2000/svg"
          >
            <path
              d="M165.9 397.4c0 2-2.3 3.6-5.2 3.6-3.3.3-5.6-1.3-5.6-3.6 0-2 2.3-3.6 5.2-3.6 3-.3 5.6 1.3 5.6 3.6zm-31.1-4.5c-.7 2 1.3 4.3 4.3 4.9 2.6 1 5.6 0 6.2-2s-1.3-4.3-4.3-5.2c-2.6-.7-5.5.3-6.2 2.3zm44.2-1.7c-2.9.7-4.9 2.6-4.6 4.9.3 2 2.9 3.3 5.9 2.6 2.9-.7 4.9-2.6 4.6-4.6-.3-1.9-3-3.2-5.9-2.9zM244.8 8C106.1 8 0 113.3 0 252c0 110.9 69.8 205.8 169.5 239.2 12.8 2.3 17.3-5.6 17.3-12.1 0-6.2-.3-40.4-.3-61.4 0 0-70 15-84.7-29.8 0 0-11.4-29.1-27.8-36.6 0 0-22.9-15.7 1.6-15.4 0 0 24.9 2 38.6 25.8 21.9 38.6 58.6 27.5 72.9 20.9 2.3-16 8.8-27.1 16-33.7-55.9-6.2-112.3-14.3-112.3-110.5 0-27.5 7.6-41.3 23.6-58.9-2.6-6.5-11.1-33.3 2.6-67.9 20.9-6.5 69 27 69 27 20-5.6 41.5-8.5 62.8-8.5s42.8 2.9 62.8 8.5c0 0 48.1-33.6 69-27 13.7 34.7 5.2 61.4 2.6 67.9 16 17.7 25.8 31.5 25.8 58.9 0 96.5-58.9 104.2-114.8 110.5 9.2 7.9 17 22.9 17 46.4 0 33.7-.3 75.4-.3 83.6 0 6.5 4.6 14.4 17.3 12.1C428.2 457.8 496 362.9 496 252 496 113.3 383.5 8 244.8 8zM97.2 352.9c-1.3 1-1 3.3.7 5.2 1.6 1.6 3.9 2.3 5.2 1 1.3-1 1-3.3-.7-5.2-1.6-1.6-3.9-2.3-5.2-1zm-10.8-8.1c-.7 1.3.3 2.9 2.3 3.9 1.6 1 3.6.7 4.3-.7.7-1.3-.3-2.9-2.3-3.9-2-.6-3.6-.3-4.3.7zm32.4 35.6c-1.6 1.3-1 4.3 1.3 6.2 2.3 2.3 5.2 2.6 6.5 1 1.3-1.3.7-4.3-1.3-6.2-2.2-2.3-5.2-2.6-6.5-1zm-11.4-14.7c-1.6 1-1.6 3.6 0 5.9 1.6 2.3 4.3 3.3 5.6 2.3 1.6-1.3 1.6-3.9 0-6.2-1.4-2.3-4-3.3-5.6-2z"
              fill="currentColor"
              style={Object {}}
            />
          </svg>
           
          Fork me
        </a>
      </li>
      <li
        className="nav-item"
      >
        <a
          className="nav-link"
          href="/swagger"
          rel="noreferrer noopener"
          target="_blank"
        >
          <svg
            aria-hidden="true"
            className="svg-inline--fa fa-code fa-w-20 fa-fw "
            data-icon="code"
            data-prefix="fas"
            focusable="false"
            role="img"
            style={Object {}}
            viewBox="0 0 640 512"
            xmlns="http://www.w3.org/2000/svg"
          >
            <path
              d="M278.9 511.5l-61-17.7c-6.4-1.8-10-8.5-8.2-14.9L346.2 8.7c1.8-6.4 8.5-10 14.9-8.2l61 17.7c6.4 1.8 10 8.5 8.2 14.9L293.8 503.3c-1.9 6.4-8.5 10.1-14.9 8.2zm-114-112.2l43.5-46.4c4.6-4.9 4.3-12.7-.8-17.2L117 256l90.6-79.7c5.1-4.5 5.5-12.3.8-17.2l-43.5-46.4c-4.5-4.8-12.1-5.1-17-.5L3.8 247.2c-5.1 4.7-5.1 12.8 0 17.5l144.1 135.1c4.9 4.6 12.5 4.4 17-.5zm327.2.6l144.1-135.1c5.1-4.7 5.1-12.8 0-17.5L492.1 112.1c-4.8-4.5-12.4-4.3-17 .5L431.6 159c-4.6 4.9-4.3 12.7.8 17.2L523 256l-90.6 79.7c-5.1 4.5-5.5 12.3-.8 17.2l43.5 46.4c4.5 4.9 12.1 5.1 17 .6z"
              fill="currentColor"
              style={Object {}}
            />
          </svg>
           
          API
        </a>
      </li>
      <li
        className="nav-item"
      >
        <a
          className="nav-link"
          href="/SignIn"
        >
          Sign in
        </a>
      </li>
    </ul>
  </div>
</nav>
`;

exports[`<NavMenu /> renders with user 1`] = `
<nav
  className="navbar navbar-dark bg-dark navbar-expand-md fixed-top"
>
  <button
    aria-controls="navbar-header"
    aria-expanded="false"
    aria-label="Toggle navigation"
    className="navbar-toggler navbar-toggler-right"
    data-target="#navbar-header"
    data-toggle="collapse"
    type="button"
  >
    <svg
      aria-hidden="true"
      className="svg-inline--fa fa-bars fa-w-14 fa-fw "
      data-icon="bars"
      data-prefix="fas"
      focusable="false"
      role="img"
      style={Object {}}
      viewBox="0 0 448 512"
      xmlns="http://www.w3.org/2000/svg"
    >
      <path
        d="M16 132h416c8.837 0 16-7.163 16-16V76c0-8.837-7.163-16-16-16H16C7.163 60 0 67.163 0 76v40c0 8.837 7.163 16 16 16zm0 160h416c8.837 0 16-7.163 16-16v-40c0-8.837-7.163-16-16-16H16c-8.837 0-16 7.163-16 16v40c0 8.837 7.163 16 16 16zm0 160h416c8.837 0 16-7.163 16-16v-40c0-8.837-7.163-16-16-16H16c-8.837 0-16 7.163-16 16v40c0 8.837 7.163 16 16 16z"
        fill="currentColor"
        style={Object {}}
      />
    </svg>
  </button>
  <a
    className="navbar-brand"
    href="/"
    onClick={[Function]}
  >
    <img
      alt="Test App"
      className="d-inline-block align-top"
      height="32"
      src="/favicon.ico"
      width="32"
    />
     
    Test App
  </a>
  <div
    className="collapse navbar-collapse"
    id="navbar-header"
  >
    <ul
      className="navbar-nav"
    >
      <li
        className="nav-item"
      >
        <a
          className="nav-link"
          href="/Card"
          onClick={[Function]}
        >
          Cards
        </a>
      </li>
      <li
        className="nav-item"
      >
        <a
          className="nav-link"
          href="/Game"
          onClick={[Function]}
        >
          Games
        </a>
      </li>
      <li
        className="nav-item"
      >
        <a
          className="nav-link"
          href="/Store"
          onClick={[Function]}
        >
          Store
        </a>
      </li>
      <li
        className="nav-item"
      >
        <a
          className="nav-link"
          href="/Collection"
          onClick={[Function]}
        >
          Collection
        </a>
      </li>
      <li
        className="nav-item"
      >
        <a
          className="nav-link"
          href="/Deck"
          onClick={[Function]}
        >
          Decks
        </a>
      </li>
    </ul>
    <ul
      className="navbar-nav ml-auto"
    >
      <li
        className="nav-item"
      >
        <a
          className="nav-link"
          href="https://github.com/kwokkan/card-hero"
          rel="noreferrer noopener"
          target="_blank"
        >
          <svg
            aria-hidden="true"
            className="svg-inline--fa fa-github fa-w-16 fa-fw "
            data-icon="github"
            data-prefix="fas"
            focusable="false"
            role="img"
            style={Object {}}
            viewBox="0 0 496 512"
            xmlns="http://www.w3.org/2000/svg"
          >
            <path
              d="M165.9 397.4c0 2-2.3 3.6-5.2 3.6-3.3.3-5.6-1.3-5.6-3.6 0-2 2.3-3.6 5.2-3.6 3-.3 5.6 1.3 5.6 3.6zm-31.1-4.5c-.7 2 1.3 4.3 4.3 4.9 2.6 1 5.6 0 6.2-2s-1.3-4.3-4.3-5.2c-2.6-.7-5.5.3-6.2 2.3zm44.2-1.7c-2.9.7-4.9 2.6-4.6 4.9.3 2 2.9 3.3 5.9 2.6 2.9-.7 4.9-2.6 4.6-4.6-.3-1.9-3-3.2-5.9-2.9zM244.8 8C106.1 8 0 113.3 0 252c0 110.9 69.8 205.8 169.5 239.2 12.8 2.3 17.3-5.6 17.3-12.1 0-6.2-.3-40.4-.3-61.4 0 0-70 15-84.7-29.8 0 0-11.4-29.1-27.8-36.6 0 0-22.9-15.7 1.6-15.4 0 0 24.9 2 38.6 25.8 21.9 38.6 58.6 27.5 72.9 20.9 2.3-16 8.8-27.1 16-33.7-55.9-6.2-112.3-14.3-112.3-110.5 0-27.5 7.6-41.3 23.6-58.9-2.6-6.5-11.1-33.3 2.6-67.9 20.9-6.5 69 27 69 27 20-5.6 41.5-8.5 62.8-8.5s42.8 2.9 62.8 8.5c0 0 48.1-33.6 69-27 13.7 34.7 5.2 61.4 2.6 67.9 16 17.7 25.8 31.5 25.8 58.9 0 96.5-58.9 104.2-114.8 110.5 9.2 7.9 17 22.9 17 46.4 0 33.7-.3 75.4-.3 83.6 0 6.5 4.6 14.4 17.3 12.1C428.2 457.8 496 362.9 496 252 496 113.3 383.5 8 244.8 8zM97.2 352.9c-1.3 1-1 3.3.7 5.2 1.6 1.6 3.9 2.3 5.2 1 1.3-1 1-3.3-.7-5.2-1.6-1.6-3.9-2.3-5.2-1zm-10.8-8.1c-.7 1.3.3 2.9 2.3 3.9 1.6 1 3.6.7 4.3-.7.7-1.3-.3-2.9-2.3-3.9-2-.6-3.6-.3-4.3.7zm32.4 35.6c-1.6 1.3-1 4.3 1.3 6.2 2.3 2.3 5.2 2.6 6.5 1 1.3-1.3.7-4.3-1.3-6.2-2.2-2.3-5.2-2.6-6.5-1zm-11.4-14.7c-1.6 1-1.6 3.6 0 5.9 1.6 2.3 4.3 3.3 5.6 2.3 1.6-1.3 1.6-3.9 0-6.2-1.4-2.3-4-3.3-5.6-2z"
              fill="currentColor"
              style={Object {}}
            />
          </svg>
           
          Fork me
        </a>
      </li>
      <li
        className="nav-item"
      >
        <a
          className="nav-link"
          href="/swagger"
          rel="noreferrer noopener"
          target="_blank"
        >
          <svg
            aria-hidden="true"
            className="svg-inline--fa fa-code fa-w-20 fa-fw "
            data-icon="code"
            data-prefix="fas"
            focusable="false"
            role="img"
            style={Object {}}
            viewBox="0 0 640 512"
            xmlns="http://www.w3.org/2000/svg"
          >
            <path
              d="M278.9 511.5l-61-17.7c-6.4-1.8-10-8.5-8.2-14.9L346.2 8.7c1.8-6.4 8.5-10 14.9-8.2l61 17.7c6.4 1.8 10 8.5 8.2 14.9L293.8 503.3c-1.9 6.4-8.5 10.1-14.9 8.2zm-114-112.2l43.5-46.4c4.6-4.9 4.3-12.7-.8-17.2L117 256l90.6-79.7c5.1-4.5 5.5-12.3.8-17.2l-43.5-46.4c-4.5-4.8-12.1-5.1-17-.5L3.8 247.2c-5.1 4.7-5.1 12.8 0 17.5l144.1 135.1c4.9 4.6 12.5 4.4 17-.5zm327.2.6l144.1-135.1c5.1-4.7 5.1-12.8 0-17.5L492.1 112.1c-4.8-4.5-12.4-4.3-17 .5L431.6 159c-4.6 4.9-4.3 12.7.8 17.2L523 256l-90.6 79.7c-5.1 4.5-5.5 12.3-.8 17.2l43.5 46.4c4.5 4.9 12.1 5.1 17 .6z"
              fill="currentColor"
              style={Object {}}
            />
          </svg>
           
          API
        </a>
      </li>
      <li
        className="nav-item"
      >
        <a
          className="nav-link"
        >
          <span
            title="You have 123456 coins"
          >
            <span
              className="coin-group"
            >
              <svg
                aria-hidden="true"
                className="svg-inline--fa fa-coins fa-w-16 fa-fw coin-gold"
                data-icon="coins"
                data-prefix="fas"
                focusable="false"
                role="img"
                style={Object {}}
                viewBox="0 0 512 512"
                xmlns="http://www.w3.org/2000/svg"
              >
                <path
                  d="M0 405.3V448c0 35.3 86 64 192 64s192-28.7 192-64v-42.7C342.7 434.4 267.2 448 192 448S41.3 434.4 0 405.3zM320 128c106 0 192-28.7 192-64S426 0 320 0 128 28.7 128 64s86 64 192 64zM0 300.4V352c0 35.3 86 64 192 64s192-28.7 192-64v-51.6c-41.3 34-116.9 51.6-192 51.6S41.3 334.4 0 300.4zm416 11c57.3-11.1 96-31.7 96-55.4v-42.7c-23.2 16.4-57.3 27.6-96 34.5v63.6zM192 160C86 160 0 195.8 0 240s86 80 192 80 192-35.8 192-80-86-80-192-80zm219.3 56.3c60-10.8 100.7-32 100.7-56.3v-42.7c-35.5 25.1-96.5 38.6-160.7 41.8 29.5 14.3 51.2 33.5 60 57.2z"
                  fill="currentColor"
                  style={Object {}}
                />
              </svg>
               
              12
            </span>
            <span
              className="coin-group"
            >
              <svg
                aria-hidden="true"
                className="svg-inline--fa fa-coins fa-w-16 fa-fw coin-silver"
                data-icon="coins"
                data-prefix="fas"
                focusable="false"
                role="img"
                style={Object {}}
                viewBox="0 0 512 512"
                xmlns="http://www.w3.org/2000/svg"
              >
                <path
                  d="M0 405.3V448c0 35.3 86 64 192 64s192-28.7 192-64v-42.7C342.7 434.4 267.2 448 192 448S41.3 434.4 0 405.3zM320 128c106 0 192-28.7 192-64S426 0 320 0 128 28.7 128 64s86 64 192 64zM0 300.4V352c0 35.3 86 64 192 64s192-28.7 192-64v-51.6c-41.3 34-116.9 51.6-192 51.6S41.3 334.4 0 300.4zm416 11c57.3-11.1 96-31.7 96-55.4v-42.7c-23.2 16.4-57.3 27.6-96 34.5v63.6zM192 160C86 160 0 195.8 0 240s86 80 192 80 192-35.8 192-80-86-80-192-80zm219.3 56.3c60-10.8 100.7-32 100.7-56.3v-42.7c-35.5 25.1-96.5 38.6-160.7 41.8 29.5 14.3 51.2 33.5 60 57.2z"
                  fill="currentColor"
                  style={Object {}}
                />
              </svg>
               
              34
            </span>
            <span
              className="coin-group"
            >
              <svg
                aria-hidden="true"
                className="svg-inline--fa fa-coins fa-w-16 fa-fw coin-bronze"
                data-icon="coins"
                data-prefix="fas"
                focusable="false"
                role="img"
                style={Object {}}
                viewBox="0 0 512 512"
                xmlns="http://www.w3.org/2000/svg"
              >
                <path
                  d="M0 405.3V448c0 35.3 86 64 192 64s192-28.7 192-64v-42.7C342.7 434.4 267.2 448 192 448S41.3 434.4 0 405.3zM320 128c106 0 192-28.7 192-64S426 0 320 0 128 28.7 128 64s86 64 192 64zM0 300.4V352c0 35.3 86 64 192 64s192-28.7 192-64v-51.6c-41.3 34-116.9 51.6-192 51.6S41.3 334.4 0 300.4zm416 11c57.3-11.1 96-31.7 96-55.4v-42.7c-23.2 16.4-57.3 27.6-96 34.5v63.6zM192 160C86 160 0 195.8 0 240s86 80 192 80 192-35.8 192-80-86-80-192-80zm219.3 56.3c60-10.8 100.7-32 100.7-56.3v-42.7c-35.5 25.1-96.5 38.6-160.7 41.8 29.5 14.3 51.2 33.5 60 57.2z"
                  fill="currentColor"
                  style={Object {}}
                />
              </svg>
               
              56
            </span>
          </span>
        </a>
      </li>
      <li
        className="nav-item dropdown"
      >
        <a
          aria-expanded="false"
          aria-haspopup="true"
          className="nav-link dropdown-toggle"
          data-toggle="dropdown"
          id="user-navbar-dropdown-menu"
        >
          Test user
        </a>
        <div
          aria-labelledby="user-navbar-dropdown-menu"
          className="dropdown-menu dropdown-menu-right"
        >
          <a
            className="dropdown-item"
            href="#"
          >
            Profile
          </a>
          <a
            className="dropdown-item"
            href="#"
          >
            Active Games
          </a>
          <div
            className="dropdown-divider"
          />
          <a
            className="dropdown-item"
            href="#"
          >
            Settings
          </a>
          <div
            className="dropdown-divider"
          />
          <a
            className="dropdown-item"
            href="/SignOut"
          >
            Logout
          </a>
        </div>
      </li>
    </ul>
  </div>
</nav>
`;
